ARM Linker, 5.03 [Build 76] [MDK-ARM Lite]

==============================================================================

Section Cross References

    main.o(.text) refers to ir.o(.text) for ADC0_SetChannel
    main.o(.text) refers to ultrasonic.o(.text) for delayMicroseconds
    main.o(.text) refers to motor_driver.o(.text) for Motor_Init
    main.o(.text) refers to main.o(.data) for i
    main.o(.text) refers to ir.o(.data) for adcL
    ir.o(.text) refers to ir.o(.data) for result
    ultrasonic.o(.text) refers to ultrasonic.o(.data) for time
    startup_tm4c123.o(STACK) refers (Special) to heapauxi.o(.text) for __use_two_region_memory
    startup_tm4c123.o(HEAP) refers (Special) to heapauxi.o(.text) for __use_two_region_memory
    startup_tm4c123.o(RESET) refers (Special) to heapauxi.o(.text) for __use_two_region_memory
    startup_tm4c123.o(RESET) refers to startup_tm4c123.o(STACK) for __initial_sp
    startup_tm4c123.o(RESET) refers to startup_tm4c123.o(.text) for Reset_Handler
    startup_tm4c123.o(.text) refers (Special) to heapauxi.o(.text) for __use_two_region_memory
    startup_tm4c123.o(.text) refers to system_tm4c123.o(.text) for SystemInit
    startup_tm4c123.o(.text) refers to __main.o(!!!main) for __main
    startup_tm4c123.o(.text) refers to startup_tm4c123.o(HEAP) for Heap_Mem
    startup_tm4c123.o(.text) refers to startup_tm4c123.o(STACK) for Stack_Mem
    system_tm4c123.o(.text) refers to system_tm4c123.o(.data) for SystemCoreClock
    __main.o(!!!main) refers to rtentry.o(.ARM.Collect$$rtentry$$00000000) for __rt_entry
    rtentry.o(.ARM.Collect$$rtentry$$00000000) refers (Special) to rtentry2.o(.ARM.Collect$$rtentry$$0000000A) for __rt_entry_li
    rtentry.o(.ARM.Collect$$rtentry$$00000000) refers (Special) to rtentry2.o(.ARM.Collect$$rtentry$$0000000D) for __rt_entry_main
    rtentry.o(.ARM.Collect$$rtentry$$00000000) refers (Special) to rtentry2.o(.ARM.Collect$$rtentry$$0000000C) for __rt_entry_postli_1
    rtentry.o(.ARM.Collect$$rtentry$$00000000) refers (Special) to rtentry2.o(.ARM.Collect$$rtentry$$00000009) for __rt_entry_postsh_1
    rtentry.o(.ARM.Collect$$rtentry$$00000000) refers (Special) to rtentry2.o(.ARM.Collect$$rtentry$$00000002) for __rt_entry_presh_1
    rtentry.o(.ARM.Collect$$rtentry$$00000000) refers (Special) to rtentry4.o(.ARM.Collect$$rtentry$$00000004) for __rt_entry_sh
    rtentry2.o(.ARM.Collect$$rtentry$$00000008) refers to boardinit2.o(.text) for _platform_post_stackheap_init
    rtentry2.o(.ARM.Collect$$rtentry$$0000000A) refers to libinit.o(.ARM.Collect$$libinit$$00000000) for __rt_lib_init
    rtentry2.o(.ARM.Collect$$rtentry$$0000000B) refers to boardinit3.o(.text) for _platform_post_lib_init
    rtentry2.o(.ARM.Collect$$rtentry$$0000000D) refers to main.o(.text) for main
    rtentry2.o(.ARM.Collect$$rtentry$$0000000D) refers to exit.o(.text) for exit
    rtentry2.o(.ARM.exidx) refers to rtentry2.o(.ARM.Collect$$rtentry$$00000001) for .ARM.Collect$$rtentry$$00000001
    rtentry2.o(.ARM.exidx) refers to rtentry2.o(.ARM.Collect$$rtentry$$00000008) for .ARM.Collect$$rtentry$$00000008
    rtentry2.o(.ARM.exidx) refers to rtentry2.o(.ARM.Collect$$rtentry$$0000000A) for .ARM.Collect$$rtentry$$0000000A
    rtentry2.o(.ARM.exidx) refers to rtentry2.o(.ARM.Collect$$rtentry$$0000000B) for .ARM.Collect$$rtentry$$0000000B
    rtentry2.o(.ARM.exidx) refers to rtentry2.o(.ARM.Collect$$rtentry$$0000000D) for .ARM.Collect$$rtentry$$0000000D
    rtentry4.o(.ARM.Collect$$rtentry$$00000004) refers to sys_stackheap_outer.o(.text) for __user_setup_stackheap
    rtentry4.o(.ARM.exidx) refers to rtentry4.o(.ARM.Collect$$rtentry$$00000004) for .ARM.Collect$$rtentry$$00000004
    sys_stackheap_outer.o(.text) refers to libspace.o(.text) for __user_perproc_libspace
    sys_stackheap_outer.o(.text) refers to startup_tm4c123.o(.text) for __user_initial_stackheap
    exit.o(.text) refers to rtexit.o(.ARM.Collect$$rtexit$$00000000) for __rt_exit
    libinit.o(.ARM.Collect$$libinit$$00000000) refers (Special) to libinit2.o(.ARM.Collect$$libinit$$0000002C) for __rt_lib_init_alloca_1
    libinit.o(.ARM.Collect$$libinit$$00000000) refers (Special) to libinit2.o(.ARM.Collect$$libinit$$0000002A) for __rt_lib_init_argv_1
    libinit.o(.ARM.Collect$$libinit$$00000000) refers (Special) to libinit2.o(.ARM.Collect$$libinit$$00000019) for __rt_lib_init_atexit_1
    libinit.o(.ARM.Collect$$libinit$$00000000) refers (Special) to libinit2.o(.ARM.Collect$$libinit$$0000001F) for __rt_lib_init_clock_1
    libinit.o(.ARM.Collect$$libinit$$00000000) refers (Special) to libinit2.o(.ARM.Collect$$libinit$$00000030) for __rt_lib_init_cpp_1
    libinit.o(.ARM.Collect$$libinit$$00000000) refers (Special) to libinit2.o(.ARM.Collect$$libinit$$0000002E) for __rt_lib_init_exceptions_1
    libinit.o(.ARM.Collect$$libinit$$00000000) refers (Special) to libinit2.o(.ARM.Collect$$libinit$$00000001) for __rt_lib_init_fp_1
    libinit.o(.ARM.Collect$$libinit$$00000000) refers (Special) to libinit2.o(.ARM.Collect$$libinit$$0000001D) for __rt_lib_init_fp_trap_1
    libinit.o(.ARM.Collect$$libinit$$00000000) refers (Special) to libinit2.o(.ARM.Collect$$libinit$$00000021) for __rt_lib_init_getenv_1
    libinit.o(.ARM.Collect$$libinit$$00000000) refers (Special) to libinit2.o(.ARM.Collect$$libinit$$00000008) for __rt_lib_init_heap_1
    libinit.o(.ARM.Collect$$libinit$$00000000) refers (Special) to libinit2.o(.ARM.Collect$$libinit$$0000000F) for __rt_lib_init_lc_collate_1
    libinit.o(.ARM.Collect$$libinit$$00000000) refers (Special) to libinit2.o(.ARM.Collect$$libinit$$00000011) for __rt_lib_init_lc_ctype_1
    libinit.o(.ARM.Collect$$libinit$$00000000) refers (Special) to libinit2.o(.ARM.Collect$$libinit$$00000013) for __rt_lib_init_lc_monetary_1
    libinit.o(.ARM.Collect$$libinit$$00000000) refers (Special) to libinit2.o(.ARM.Collect$$libinit$$00000015) for __rt_lib_init_lc_numeric_1
    libinit.o(.ARM.Collect$$libinit$$00000000) refers (Special) to libinit2.o(.ARM.Collect$$libinit$$00000017) for __rt_lib_init_lc_time_1
    libinit.o(.ARM.Collect$$libinit$$00000000) refers (Special) to libinit2.o(.ARM.Collect$$libinit$$0000000C) for __rt_lib_init_rand_1
    libinit.o(.ARM.Collect$$libinit$$00000000) refers (Special) to libinit2.o(.ARM.Collect$$libinit$$00000031) for __rt_lib_init_return
    libinit.o(.ARM.Collect$$libinit$$00000000) refers (Special) to libinit2.o(.ARM.Collect$$libinit$$0000001B) for __rt_lib_init_signal_1
    libinit.o(.ARM.Collect$$libinit$$00000000) refers (Special) to libinit2.o(.ARM.Collect$$libinit$$00000023) for __rt_lib_init_stdio_1
    libinit.o(.ARM.Collect$$libinit$$00000000) refers (Special) to libinit2.o(.ARM.Collect$$libinit$$0000000A) for __rt_lib_init_user_alloc_1
    libspace.o(.text) refers to libspace.o(.bss) for __libspace_start
    rtexit.o(.ARM.Collect$$rtexit$$00000000) refers (Special) to rtexit2.o(.ARM.Collect$$rtexit$$00000004) for __rt_exit_exit
    rtexit.o(.ARM.Collect$$rtexit$$00000000) refers (Special) to rtexit2.o(.ARM.Collect$$rtexit$$00000003) for __rt_exit_ls
    rtexit.o(.ARM.Collect$$rtexit$$00000000) refers (Special) to rtexit2.o(.ARM.Collect$$rtexit$$00000002) for __rt_exit_prels_1
    rtexit.o(.ARM.exidx) refers (Special) to rtexit2.o(.ARM.Collect$$rtexit$$00000004) for __rt_exit_exit
    rtexit.o(.ARM.exidx) refers (Special) to rtexit2.o(.ARM.Collect$$rtexit$$00000003) for __rt_exit_ls
    rtexit.o(.ARM.exidx) refers (Special) to rtexit2.o(.ARM.Collect$$rtexit$$00000002) for __rt_exit_prels_1
    rtexit.o(.ARM.exidx) refers to rtexit.o(.ARM.Collect$$rtexit$$00000000) for .ARM.Collect$$rtexit$$00000000
    libinit2.o(.ARM.Collect$$libinit$$00000001) refers to fpinit.o(x$fpl$fpinit) for _fp_init
    libinit2.o(.ARM.Collect$$libinit$$0000000E) refers to libinit2.o(.ARM.Collect$$libinit$$0000000D) for .ARM.Collect$$libinit$$0000000D
    libinit2.o(.ARM.Collect$$libinit$$00000010) refers to libinit2.o(.ARM.Collect$$libinit$$0000000D) for .ARM.Collect$$libinit$$0000000D
    libinit2.o(.ARM.Collect$$libinit$$00000012) refers to libinit2.o(.ARM.Collect$$libinit$$0000000D) for .ARM.Collect$$libinit$$0000000D
    libinit2.o(.ARM.Collect$$libinit$$00000014) refers to libinit2.o(.ARM.Collect$$libinit$$0000000D) for .ARM.Collect$$libinit$$0000000D
    libinit2.o(.ARM.Collect$$libinit$$00000016) refers to libinit2.o(.ARM.Collect$$libinit$$0000000D) for .ARM.Collect$$libinit$$0000000D
    libinit2.o(.ARM.Collect$$libinit$$00000024) refers to argv_veneer.o(.emb_text) for __ARM_argv_veneer
    libinit2.o(.ARM.Collect$$libinit$$00000025) refers to argv_veneer.o(.emb_text) for __ARM_argv_veneer
    rtexit2.o(.ARM.Collect$$rtexit$$00000003) refers to libshutdown.o(.ARM.Collect$$libshutdown$$00000000) for __rt_lib_shutdown
    rtexit2.o(.ARM.Collect$$rtexit$$00000004) refers to sys_exit.o(.text) for _sys_exit
    rtexit2.o(.ARM.exidx) refers to rtexit2.o(.ARM.Collect$$rtexit$$00000001) for .ARM.Collect$$rtexit$$00000001
    rtexit2.o(.ARM.exidx) refers to rtexit2.o(.ARM.Collect$$rtexit$$00000003) for .ARM.Collect$$rtexit$$00000003
    rtexit2.o(.ARM.exidx) refers to rtexit2.o(.ARM.Collect$$rtexit$$00000004) for .ARM.Collect$$rtexit$$00000004
    argv_veneer.o(.emb_text) refers to no_argv.o(.text) for __ARM_get_argv
    sys_exit.o(.text) refers (Special) to use_no_semi.o(.text) for __I$use$semihosting
    sys_exit.o(.text) refers (Special) to indicate_semi.o(.text) for __semihosting_library_function
    _get_argv_nomalloc.o(.text) refers (Special) to hrguard.o(.text) for __heap_region$guard
    _get_argv_nomalloc.o(.text) refers to defsig_rtmem_outer.o(.text) for __rt_SIGRTMEM
    _get_argv_nomalloc.o(.text) refers to sys_command.o(.text) for _sys_command_string
    libshutdown.o(.ARM.Collect$$libshutdown$$00000000) refers (Special) to libshutdown2.o(.ARM.Collect$$libshutdown$$00000006) for __rt_lib_shutdown_fp_trap_1
    libshutdown.o(.ARM.Collect$$libshutdown$$00000000) refers (Special) to libshutdown2.o(.ARM.Collect$$libshutdown$$0000000E) for __rt_lib_shutdown_heap_1
    libshutdown.o(.ARM.Collect$$libshutdown$$00000000) refers (Special) to libshutdown2.o(.ARM.Collect$$libshutdown$$0000000F) for __rt_lib_shutdown_return
    libshutdown.o(.ARM.Collect$$libshutdown$$00000000) refers (Special) to libshutdown2.o(.ARM.Collect$$libshutdown$$00000009) for __rt_lib_shutdown_signal_1
    libshutdown.o(.ARM.Collect$$libshutdown$$00000000) refers (Special) to libshutdown2.o(.ARM.Collect$$libshutdown$$00000003) for __rt_lib_shutdown_stdio_1
    libshutdown.o(.ARM.Collect$$libshutdown$$00000000) refers (Special) to libshutdown2.o(.ARM.Collect$$libshutdown$$0000000B) for __rt_lib_shutdown_user_alloc_1
    sys_command.o(.text) refers (Special) to use_no_semi.o(.text) for __I$use$semihosting
    sys_command.o(.text) refers (Special) to indicate_semi.o(.text) for __semihosting_library_function
    defsig_rtmem_outer.o(.text) refers to defsig_rtmem_inner.o(.text) for __rt_SIGRTMEM_inner
    defsig_rtmem_outer.o(.text) refers to defsig_exit.o(.text) for __sig_exit
    defsig_rtmem_formal.o(.text) refers to rt_raise.o(.text) for __rt_raise
    rt_raise.o(.text) refers to __raise.o(.text) for __raise
    rt_raise.o(.text) refers to sys_exit.o(.text) for _sys_exit
    defsig_exit.o(.text) refers to sys_exit.o(.text) for _sys_exit
    defsig_rtmem_inner.o(.text) refers to defsig_general.o(.text) for __default_signal_display
    __raise.o(.text) refers to defsig.o(CL$$defsig) for __default_signal_handler
    defsig_general.o(.text) refers to sys_wrch.o(.text) for _ttywrch
    sys_wrch.o(.text) refers (Special) to use_no_semi.o(.text) for __I$use$semihosting
    sys_wrch.o(.text) refers (Special) to indicate_semi.o(.text) for __semihosting_library_function
    defsig.o(CL$$defsig) refers to defsig_rtmem_inner.o(.text) for __rt_SIGRTMEM_inner
    defsig_abrt_inner.o(.text) refers to defsig_general.o(.text) for __default_signal_display
    defsig_fpe_inner.o(.text) refers to defsig_general.o(.text) for __default_signal_display
    defsig_rtred_inner.o(.text) refers to defsig_general.o(.text) for __default_signal_display
    defsig_stak_inner.o(.text) refers to defsig_general.o(.text) for __default_signal_display
    defsig_pvfn_inner.o(.text) refers to defsig_general.o(.text) for __default_signal_display
    defsig_cppl_inner.o(.text) refers to defsig_general.o(.text) for __default_signal_display
    defsig_segv_inner.o(.text) refers to defsig_general.o(.text) for __default_signal_display
    defsig_other.o(.text) refers to defsig_general.o(.text) for __default_signal_display


==============================================================================

Removing Unused input sections from the image.

    Removing main.o(.rev16_text), (4 bytes).
    Removing main.o(.revsh_text), (4 bytes).
    Removing ir.o(.rev16_text), (4 bytes).
    Removing ir.o(.revsh_text), (4 bytes).
    Removing ultrasonic.o(.rev16_text), (4 bytes).
    Removing ultrasonic.o(.revsh_text), (4 bytes).
    Removing system_tm4c123.o(.rev16_text), (4 bytes).
    Removing system_tm4c123.o(.revsh_text), (4 bytes).
    Removing motor_driver.o(.rev16_text), (4 bytes).
    Removing motor_driver.o(.revsh_text), (4 bytes).

10 unused section(s) (total 40 bytes) removed from the image.

==============================================================================

Image Symbol Table

    Local Symbols

    Symbol Name                              Value     Ov Type        Size  Object(Section)

    RESET                                    0x00000000   Section      620  startup_tm4c123.o(RESET)
    ../clib/angel/boardlib.s                 0x00000000   Number         0  boardinit3.o ABSOLUTE
    ../clib/angel/boardlib.s                 0x00000000   Number         0  boardinit2.o ABSOLUTE
    ../clib/angel/boardlib.s                 0x00000000   Number         0  boardinit1.o ABSOLUTE
    ../clib/angel/boardlib.s                 0x00000000   Number         0  boardshut.o ABSOLUTE
    ../clib/angel/handlers.s                 0x00000000   Number         0  __scatter_zi.o ABSOLUTE
    ../clib/angel/handlers.s                 0x00000000   Number         0  __scatter_copy.o ABSOLUTE
    ../clib/angel/kernel.s                   0x00000000   Number         0  rtentry.o ABSOLUTE
    ../clib/angel/kernel.s                   0x00000000   Number         0  rtexit2.o ABSOLUTE
    ../clib/angel/kernel.s                   0x00000000   Number         0  rtexit.o ABSOLUTE
    ../clib/angel/kernel.s                   0x00000000   Number         0  rtentry4.o ABSOLUTE
    ../clib/angel/kernel.s                   0x00000000   Number         0  rtentry2.o ABSOLUTE
    ../clib/angel/rt.s                       0x00000000   Number         0  rt_raise.o ABSOLUTE
    ../clib/angel/scatter.s                  0x00000000   Number         0  __scatter.o ABSOLUTE
    ../clib/angel/startup.s                  0x00000000   Number         0  __main.o ABSOLUTE
    ../clib/angel/sys.s                      0x00000000   Number         0  libspace.o ABSOLUTE
    ../clib/angel/sys.s                      0x00000000   Number         0  indicate_semi.o ABSOLUTE
    ../clib/angel/sys.s                      0x00000000   Number         0  use_no_semi.o ABSOLUTE
    ../clib/angel/sys.s                      0x00000000   Number         0  sys_stackheap_outer.o ABSOLUTE
    ../clib/angel/sysapp.c                   0x00000000   Number         0  sys_wrch.o ABSOLUTE
    ../clib/angel/sysapp.c                   0x00000000   Number         0  sys_command.o ABSOLUTE
    ../clib/angel/sysapp.c                   0x00000000   Number         0  sys_exit.o ABSOLUTE
    ../clib/armsys.c                         0x00000000   Number         0  argv_veneer.o ABSOLUTE
    ../clib/armsys.c                         0x00000000   Number         0  _get_argv_nomalloc.o ABSOLUTE
    ../clib/armsys.c                         0x00000000   Number         0  no_argv.o ABSOLUTE
    ../clib/armsys.c                         0x00000000   Number         0  argv_veneer.o ABSOLUTE
    ../clib/heapalloc.c                      0x00000000   Number         0  hrguard.o ABSOLUTE
    ../clib/heapaux.c                        0x00000000   Number         0  heapauxi.o ABSOLUTE
    ../clib/libinit.s                        0x00000000   Number         0  libshutdown2.o ABSOLUTE
    ../clib/libinit.s                        0x00000000   Number         0  libshutdown.o ABSOLUTE
    ../clib/libinit.s                        0x00000000   Number         0  libinit.o ABSOLUTE
    ../clib/libinit.s                        0x00000000   Number         0  libinit2.o ABSOLUTE
    ../clib/signal.c                         0x00000000   Number         0  defsig_other.o ABSOLUTE
    ../clib/signal.c                         0x00000000   Number         0  defsig_segv_inner.o ABSOLUTE
    ../clib/signal.c                         0x00000000   Number         0  defsig_pvfn_inner.o ABSOLUTE
    ../clib/signal.c                         0x00000000   Number         0  defsig_stak_inner.o ABSOLUTE
    ../clib/signal.c                         0x00000000   Number         0  defsig_rtred_inner.o ABSOLUTE
    ../clib/signal.c                         0x00000000   Number         0  defsig_fpe_inner.o ABSOLUTE
    ../clib/signal.c                         0x00000000   Number         0  defsig_rtmem_inner.o ABSOLUTE
    ../clib/signal.c                         0x00000000   Number         0  defsig_rtmem_formal.o ABSOLUTE
    ../clib/signal.c                         0x00000000   Number         0  defsig_rtmem_outer.o ABSOLUTE
    ../clib/signal.c                         0x00000000   Number         0  defsig_exit.o ABSOLUTE
    ../clib/signal.c                         0x00000000   Number         0  defsig_cppl_inner.o ABSOLUTE
    ../clib/signal.c                         0x00000000   Number         0  defsig_general.o ABSOLUTE
    ../clib/signal.c                         0x00000000   Number         0  defsig_abrt_inner.o ABSOLUTE
    ../clib/signal.c                         0x00000000   Number         0  __raise.o ABSOLUTE
    ../clib/signal.s                         0x00000000   Number         0  defsig.o ABSOLUTE
    ../clib/stdlib.c                         0x00000000   Number         0  exit.o ABSOLUTE
    ../fplib/fpinit.s                        0x00000000   Number         0  fpinit.o ABSOLUTE
    ..\..\..\ARM\Startup\TI\TM4C123\startup_TM4C123.s 0x00000000   Number         0  startup_tm4c123.o ABSOLUTE
    ..\..\..\ARM\Startup\TI\TM4C123\system_TM4C123.c 0x00000000   Number         0  system_tm4c123.o ABSOLUTE
    ..\\..\\..\\ARM\\Startup\\TI\\TM4C123\\system_TM4C123.c 0x00000000   Number         0  system_tm4c123.o ABSOLUTE
    IR.c                                     0x00000000   Number         0  ir.o ABSOLUTE
    IR.c                                     0x00000000   Number         0  ir.o ABSOLUTE
    Main.c                                   0x00000000   Number         0  main.o ABSOLUTE
    Main.c                                   0x00000000   Number         0  main.o ABSOLUTE
    Ultrasonic.c                             0x00000000   Number         0  ultrasonic.o ABSOLUTE
    Ultrasonic.c                             0x00000000   Number         0  ultrasonic.o ABSOLUTE
    dc.s                                     0x00000000   Number         0  dc.o ABSOLUTE
    motor_driver.c                           0x00000000   Number         0  motor_driver.o ABSOLUTE
    motor_driver.c                           0x00000000   Number         0  motor_driver.o ABSOLUTE
    !!!main                                  0x0000026c   Section        8  __main.o(!!!main)
    !!!scatter                               0x00000274   Section       52  __scatter.o(!!!scatter)
    !!handler_copy                           0x000002a8   Section       26  __scatter_copy.o(!!handler_copy)
    !!handler_zi                             0x000002c4   Section       28  __scatter_zi.o(!!handler_zi)
    .ARM.Collect$$libinit$$00000000          0x000002e0   Section        2  libinit.o(.ARM.Collect$$libinit$$00000000)
    .ARM.Collect$$libinit$$00000001          0x000002e2   Section        4  libinit2.o(.ARM.Collect$$libinit$$00000001)
    .ARM.Collect$$libinit$$00000008          0x000002e6   Section        0  libinit2.o(.ARM.Collect$$libinit$$00000008)
    .ARM.Collect$$libinit$$0000000A          0x000002e6   Section        0  libinit2.o(.ARM.Collect$$libinit$$0000000A)
    .ARM.Collect$$libinit$$0000000C          0x000002e6   Section        0  libinit2.o(.ARM.Collect$$libinit$$0000000C)
    .ARM.Collect$$libinit$$0000000F          0x000002e6   Section        0  libinit2.o(.ARM.Collect$$libinit$$0000000F)
    .ARM.Collect$$libinit$$00000011          0x000002e6   Section        0  libinit2.o(.ARM.Collect$$libinit$$00000011)
    .ARM.Collect$$libinit$$00000013          0x000002e6   Section        0  libinit2.o(.ARM.Collect$$libinit$$00000013)
    .ARM.Collect$$libinit$$00000015          0x000002e6   Section        0  libinit2.o(.ARM.Collect$$libinit$$00000015)
    .ARM.Collect$$libinit$$00000017          0x000002e6   Section        0  libinit2.o(.ARM.Collect$$libinit$$00000017)
    .ARM.Collect$$libinit$$00000019          0x000002e6   Section        0  libinit2.o(.ARM.Collect$$libinit$$00000019)
    .ARM.Collect$$libinit$$0000001B          0x000002e6   Section        0  libinit2.o(.ARM.Collect$$libinit$$0000001B)
    .ARM.Collect$$libinit$$0000001D          0x000002e6   Section        0  libinit2.o(.ARM.Collect$$libinit$$0000001D)
    .ARM.Collect$$libinit$$0000001F          0x000002e6   Section        0  libinit2.o(.ARM.Collect$$libinit$$0000001F)
    .ARM.Collect$$libinit$$00000021          0x000002e6   Section        0  libinit2.o(.ARM.Collect$$libinit$$00000021)
    .ARM.Collect$$libinit$$00000023          0x000002e6   Section        0  libinit2.o(.ARM.Collect$$libinit$$00000023)
    .ARM.Collect$$libinit$$0000002A          0x000002e6   Section        0  libinit2.o(.ARM.Collect$$libinit$$0000002A)
    .ARM.Collect$$libinit$$0000002C          0x000002e6   Section        0  libinit2.o(.ARM.Collect$$libinit$$0000002C)
    .ARM.Collect$$libinit$$0000002E          0x000002e6   Section        0  libinit2.o(.ARM.Collect$$libinit$$0000002E)
    .ARM.Collect$$libinit$$00000030          0x000002e6   Section        0  libinit2.o(.ARM.Collect$$libinit$$00000030)
    .ARM.Collect$$libinit$$00000031          0x000002e6   Section        2  libinit2.o(.ARM.Collect$$libinit$$00000031)
    .ARM.Collect$$libshutdown$$00000000      0x000002e8   Section        2  libshutdown.o(.ARM.Collect$$libshutdown$$00000000)
    .ARM.Collect$$libshutdown$$00000003      0x000002ea   Section        0  libshutdown2.o(.ARM.Collect$$libshutdown$$00000003)
    .ARM.Collect$$libshutdown$$00000006      0x000002ea   Section        0  libshutdown2.o(.ARM.Collect$$libshutdown$$00000006)
    .ARM.Collect$$libshutdown$$00000009      0x000002ea   Section        0  libshutdown2.o(.ARM.Collect$$libshutdown$$00000009)
    .ARM.Collect$$libshutdown$$0000000B      0x000002ea   Section        0  libshutdown2.o(.ARM.Collect$$libshutdown$$0000000B)
    .ARM.Collect$$libshutdown$$0000000E      0x000002ea   Section        0  libshutdown2.o(.ARM.Collect$$libshutdown$$0000000E)
    .ARM.Collect$$libshutdown$$0000000F      0x000002ea   Section        2  libshutdown2.o(.ARM.Collect$$libshutdown$$0000000F)
    .ARM.Collect$$rtentry$$00000000          0x000002ec   Section        0  rtentry.o(.ARM.Collect$$rtentry$$00000000)
    .ARM.Collect$$rtentry$$00000002          0x000002ec   Section        0  rtentry2.o(.ARM.Collect$$rtentry$$00000002)
    .ARM.Collect$$rtentry$$00000004          0x000002ec   Section        6  rtentry4.o(.ARM.Collect$$rtentry$$00000004)
    .ARM.Collect$$rtentry$$00000009          0x000002f2   Section        0  rtentry2.o(.ARM.Collect$$rtentry$$00000009)
    .ARM.Collect$$rtentry$$0000000A          0x000002f2   Section        4  rtentry2.o(.ARM.Collect$$rtentry$$0000000A)
    .ARM.Collect$$rtentry$$0000000C          0x000002f6   Section        0  rtentry2.o(.ARM.Collect$$rtentry$$0000000C)
    .ARM.Collect$$rtentry$$0000000D          0x000002f6   Section        8  rtentry2.o(.ARM.Collect$$rtentry$$0000000D)
    .ARM.Collect$$rtexit$$00000000           0x000002fe   Section        2  rtexit.o(.ARM.Collect$$rtexit$$00000000)
    .ARM.Collect$$rtexit$$00000002           0x00000300   Section        0  rtexit2.o(.ARM.Collect$$rtexit$$00000002)
    .ARM.Collect$$rtexit$$00000003           0x00000300   Section        4  rtexit2.o(.ARM.Collect$$rtexit$$00000003)
    .ARM.Collect$$rtexit$$00000004           0x00000304   Section        6  rtexit2.o(.ARM.Collect$$rtexit$$00000004)
    .text                                    0x0000030c   Section        0  main.o(.text)
    .text                                    0x0000041c   Section        0  ir.o(.text)
    .text                                    0x000005d0   Section        0  ultrasonic.o(.text)
    Measure_Echo_Time                        0x00000681   Thumb Code   150  ultrasonic.o(.text)
    .text                                    0x0000078c   Section      276  startup_tm4c123.o(.text)
    $v0                                      0x0000078c   Number         0  startup_tm4c123.o(.text)
    .text                                    0x000008a0   Section        0  system_tm4c123.o(.text)
    getOscClk                                0x000008a1   Thumb Code   182  system_tm4c123.o(.text)
    .text                                    0x00000ae8   Section        0  motor_driver.o(.text)
    .text                                    0x00000c70   Section        0  heapauxi.o(.text)
    .text                                    0x00000c76   Section       74  sys_stackheap_outer.o(.text)
    .text                                    0x00000cc0   Section        0  exit.o(.text)
    .text                                    0x00000ccc   Section        8  libspace.o(.text)
    .text                                    0x00000cd4   Section        0  sys_exit.o(.text)
    .text                                    0x00000ce0   Section        2  use_no_semi.o(.text)
    .text                                    0x00000ce2   Section        0  indicate_semi.o(.text)
    x$fpl$fpinit                             0x00000ce2   Section       10  fpinit.o(x$fpl$fpinit)
    $v0                                      0x00000ce2   Number         0  fpinit.o(x$fpl$fpinit)
    .data                                    0x20000000   Section        8  main.o(.data)
    .data                                    0x20000008   Section       22  ir.o(.data)
    .data                                    0x20000020   Section        8  ultrasonic.o(.data)
    .data                                    0x20000028   Section        4  system_tm4c123.o(.data)
    .bss                                     0x2000002c   Section       96  libspace.o(.bss)
    HEAP                                     0x20000090   Section        0  startup_tm4c123.o(HEAP)
    STACK                                    0x20000090   Section      512  startup_tm4c123.o(STACK)
    Heap_Mem                                 0x20000090   Data           0  startup_tm4c123.o(HEAP)
    Stack_Mem                                0x20000090   Data         512  startup_tm4c123.o(STACK)
    __initial_sp                             0x20000290   Data           0  startup_tm4c123.o(STACK)

    Global Symbols

    Symbol Name                              Value     Ov Type        Size  Object(Section)

    BuildAttributes$$THM_ISAv4$E$P$D$K$B$S$7EM$VFPi3$EXTD16$VFPS$VFMA$PE$A:L22UL41UL21$X:L11$S22US41US21$IEEE1$IW$USESV6$~STKCKD$USESV7$~SHL$OSPACE$ROPI$EBA8$UX$STANDARDLIB$REQ8$PRES8$EABIv2 0x00000000   Number         0  anon$$obj.o ABSOLUTE
    __ARM_use_no_argv                        0x00000000   Number         0  main.o ABSOLUTE
    __Vectors                                0x00000000   Data           4  startup_tm4c123.o(RESET)
    __ARM_exceptions_init                     - Undefined Weak Reference
    __alloca_initialize                       - Undefined Weak Reference
    __cpp_initialize__aeabi_                  - Undefined Weak Reference
    __cxa_finalize                            - Undefined Weak Reference
    __rt_locale                               - Undefined Weak Reference
    __sigvec_lookup                           - Undefined Weak Reference
    _atexit_init                              - Undefined Weak Reference
    _call_atexit_fns                          - Undefined Weak Reference
    _clock_init                               - Undefined Weak Reference
    _fp_trap_init                             - Undefined Weak Reference
    _fp_trap_shutdown                         - Undefined Weak Reference
    _get_lc_collate                           - Undefined Weak Reference
    _get_lc_ctype                             - Undefined Weak Reference
    _get_lc_monetary                          - Undefined Weak Reference
    _get_lc_numeric                           - Undefined Weak Reference
    _get_lc_time                              - Undefined Weak Reference
    _getenv_init                              - Undefined Weak Reference
    _handle_redirection                       - Undefined Weak Reference
    _init_alloc                               - Undefined Weak Reference
    _init_user_alloc                          - Undefined Weak Reference
    _initio                                   - Undefined Weak Reference
    _rand_init                                - Undefined Weak Reference
    _signal_finish                            - Undefined Weak Reference
    _signal_init                              - Undefined Weak Reference
    _terminate_alloc                          - Undefined Weak Reference
    _terminate_user_alloc                     - Undefined Weak Reference
    _terminateio                              - Undefined Weak Reference
    __Vectors_End                            0x0000026c   Data           0  startup_tm4c123.o(RESET)
    __Vectors_Size                           0x0000026c   Number         0  startup_tm4c123.o ABSOLUTE
    __main                                   0x0000026d   Thumb Code     8  __main.o(!!!main)
    __scatterload                            0x00000275   Thumb Code     0  __scatter.o(!!!scatter)
    __scatterload_rt2                        0x00000275   Thumb Code    44  __scatter.o(!!!scatter)
    __scatterload_rt2_thumb_only             0x00000275   Thumb Code     0  __scatter.o(!!!scatter)
    __scatterload_null                       0x00000283   Thumb Code     0  __scatter.o(!!!scatter)
    __scatterload_copy                       0x000002a9   Thumb Code    26  __scatter_copy.o(!!handler_copy)
    __scatterload_zeroinit                   0x000002c5   Thumb Code    28  __scatter_zi.o(!!handler_zi)
    __rt_lib_init                            0x000002e1   Thumb Code     0  libinit.o(.ARM.Collect$$libinit$$00000000)
    __rt_lib_init_fp_1                       0x000002e3   Thumb Code     0  libinit2.o(.ARM.Collect$$libinit$$00000001)
    __rt_lib_init_alloca_1                   0x000002e7   Thumb Code     0  libinit2.o(.ARM.Collect$$libinit$$0000002C)
    __rt_lib_init_argv_1                     0x000002e7   Thumb Code     0  libinit2.o(.ARM.Collect$$libinit$$0000002A)
    __rt_lib_init_atexit_1                   0x000002e7   Thumb Code     0  libinit2.o(.ARM.Collect$$libinit$$00000019)
    __rt_lib_init_clock_1                    0x000002e7   Thumb Code     0  libinit2.o(.ARM.Collect$$libinit$$0000001F)
    __rt_lib_init_cpp_1                      0x000002e7   Thumb Code     0  libinit2.o(.ARM.Collect$$libinit$$00000030)
    __rt_lib_init_exceptions_1               0x000002e7   Thumb Code     0  libinit2.o(.ARM.Collect$$libinit$$0000002E)
    __rt_lib_init_fp_trap_1                  0x000002e7   Thumb Code     0  libinit2.o(.ARM.Collect$$libinit$$0000001D)
    __rt_lib_init_getenv_1                   0x000002e7   Thumb Code     0  libinit2.o(.ARM.Collect$$libinit$$00000021)
    __rt_lib_init_heap_1                     0x000002e7   Thumb Code     0  libinit2.o(.ARM.Collect$$libinit$$00000008)
    __rt_lib_init_lc_collate_1               0x000002e7   Thumb Code     0  libinit2.o(.ARM.Collect$$libinit$$0000000F)
    __rt_lib_init_lc_ctype_1                 0x000002e7   Thumb Code     0  libinit2.o(.ARM.Collect$$libinit$$00000011)
    __rt_lib_init_lc_monetary_1              0x000002e7   Thumb Code     0  libinit2.o(.ARM.Collect$$libinit$$00000013)
    __rt_lib_init_lc_numeric_1               0x000002e7   Thumb Code     0  libinit2.o(.ARM.Collect$$libinit$$00000015)
    __rt_lib_init_lc_time_1                  0x000002e7   Thumb Code     0  libinit2.o(.ARM.Collect$$libinit$$00000017)
    __rt_lib_init_rand_1                     0x000002e7   Thumb Code     0  libinit2.o(.ARM.Collect$$libinit$$0000000C)
    __rt_lib_init_return                     0x000002e7   Thumb Code     0  libinit2.o(.ARM.Collect$$libinit$$00000031)
    __rt_lib_init_signal_1                   0x000002e7   Thumb Code     0  libinit2.o(.ARM.Collect$$libinit$$0000001B)
    __rt_lib_init_stdio_1                    0x000002e7   Thumb Code     0  libinit2.o(.ARM.Collect$$libinit$$00000023)
    __rt_lib_init_user_alloc_1               0x000002e7   Thumb Code     0  libinit2.o(.ARM.Collect$$libinit$$0000000A)
    __rt_lib_shutdown                        0x000002e9   Thumb Code     0  libshutdown.o(.ARM.Collect$$libshutdown$$00000000)
    __rt_lib_shutdown_fp_trap_1              0x000002eb   Thumb Code     0  libshutdown2.o(.ARM.Collect$$libshutdown$$00000006)
    __rt_lib_shutdown_heap_1                 0x000002eb   Thumb Code     0  libshutdown2.o(.ARM.Collect$$libshutdown$$0000000E)
    __rt_lib_shutdown_return                 0x000002eb   Thumb Code     0  libshutdown2.o(.ARM.Collect$$libshutdown$$0000000F)
    __rt_lib_shutdown_signal_1               0x000002eb   Thumb Code     0  libshutdown2.o(.ARM.Collect$$libshutdown$$00000009)
    __rt_lib_shutdown_stdio_1                0x000002eb   Thumb Code     0  libshutdown2.o(.ARM.Collect$$libshutdown$$00000003)
    __rt_lib_shutdown_user_alloc_1           0x000002eb   Thumb Code     0  libshutdown2.o(.ARM.Collect$$libshutdown$$0000000B)
    __rt_entry                               0x000002ed   Thumb Code     0  rtentry.o(.ARM.Collect$$rtentry$$00000000)
    __rt_entry_presh_1                       0x000002ed   Thumb Code     0  rtentry2.o(.ARM.Collect$$rtentry$$00000002)
    __rt_entry_sh                            0x000002ed   Thumb Code     0  rtentry4.o(.ARM.Collect$$rtentry$$00000004)
    __rt_entry_li                            0x000002f3   Thumb Code     0  rtentry2.o(.ARM.Collect$$rtentry$$0000000A)
    __rt_entry_postsh_1                      0x000002f3   Thumb Code     0  rtentry2.o(.ARM.Collect$$rtentry$$00000009)
    __rt_entry_main                          0x000002f7   Thumb Code     0  rtentry2.o(.ARM.Collect$$rtentry$$0000000D)
    __rt_entry_postli_1                      0x000002f7   Thumb Code     0  rtentry2.o(.ARM.Collect$$rtentry$$0000000C)
    __rt_exit                                0x000002ff   Thumb Code     0  rtexit.o(.ARM.Collect$$rtexit$$00000000)
    __rt_exit_ls                             0x00000301   Thumb Code     0  rtexit2.o(.ARM.Collect$$rtexit$$00000003)
    __rt_exit_prels_1                        0x00000301   Thumb Code     0  rtexit2.o(.ARM.Collect$$rtexit$$00000002)
    __rt_exit_exit                           0x00000305   Thumb Code     0  rtexit2.o(.ARM.Collect$$rtexit$$00000004)
    get_average_ir                           0x0000030d   Thumb Code    64  main.o(.text)
    main                                     0x0000034d   Thumb Code   184  main.o(.text)
    IR_Init                                  0x0000041d   Thumb Code   122  ir.o(.text)
    ADC0_SetChannel                          0x00000497   Thumb Code    28  ir.o(.text)
    ADC0_Read                                0x000004b3   Thumb Code    44  ir.o(.text)
    IR_Distance_cm                           0x000004df   Thumb Code   170  ir.o(.text)
    delayMicroseconds                        0x000005d1   Thumb Code    38  ultrasonic.o(.text)
    Ultrasonic_Init                          0x000005f7   Thumb Code   138  ultrasonic.o(.text)
    Measure_Distance                         0x00000717   Thumb Code    68  ultrasonic.o(.text)
    Reset_Handler                            0x0000078d   Thumb Code     8  startup_tm4c123.o(.text)
    NMI_Handler                              0x00000795   Thumb Code     2  startup_tm4c123.o(.text)
    HardFault_Handler                        0x00000797   Thumb Code     2  startup_tm4c123.o(.text)
    MemManage_Handler                        0x00000799   Thumb Code     2  startup_tm4c123.o(.text)
    BusFault_Handler                         0x0000079b   Thumb Code     2  startup_tm4c123.o(.text)
    UsageFault_Handler                       0x0000079d   Thumb Code     2  startup_tm4c123.o(.text)
    SVC_Handler                              0x0000079f   Thumb Code     2  startup_tm4c123.o(.text)
    DebugMon_Handler                         0x000007a1   Thumb Code     2  startup_tm4c123.o(.text)
    PendSV_Handler                           0x000007a3   Thumb Code     2  startup_tm4c123.o(.text)
    SysTick_Handler                          0x000007a5   Thumb Code     2  startup_tm4c123.o(.text)
    GPIOA_Handler                            0x000007a7   Thumb Code     2  startup_tm4c123.o(.text)
    GPIOB_Handler                            0x000007a9   Thumb Code     2  startup_tm4c123.o(.text)
    GPIOC_Handler                            0x000007ab   Thumb Code     2  startup_tm4c123.o(.text)
    GPIOD_Handler                            0x000007ad   Thumb Code     2  startup_tm4c123.o(.text)
    GPIOE_Handler                            0x000007af   Thumb Code     2  startup_tm4c123.o(.text)
    UART0_Handler                            0x000007b1   Thumb Code     2  startup_tm4c123.o(.text)
    UART1_Handler                            0x000007b3   Thumb Code     2  startup_tm4c123.o(.text)
    SSI0_Handler                             0x000007b5   Thumb Code     2  startup_tm4c123.o(.text)
    I2C0_Handler                             0x000007b7   Thumb Code     2  startup_tm4c123.o(.text)
    PMW0_FAULT_Handler                       0x000007b9   Thumb Code     2  startup_tm4c123.o(.text)
    PWM0_0_Handler                           0x000007bb   Thumb Code     2  startup_tm4c123.o(.text)
    PWM0_1_Handler                           0x000007bd   Thumb Code     2  startup_tm4c123.o(.text)
    PWM0_2_Handler                           0x000007bf   Thumb Code     2  startup_tm4c123.o(.text)
    QEI0_Handler                             0x000007c1   Thumb Code     2  startup_tm4c123.o(.text)
    ADC0SS0_Handler                          0x000007c3   Thumb Code     2  startup_tm4c123.o(.text)
    ADC0SS1_Handler                          0x000007c5   Thumb Code     2  startup_tm4c123.o(.text)
    ADC0SS2_Handler                          0x000007c7   Thumb Code     2  startup_tm4c123.o(.text)
    ADC0SS3_Handler                          0x000007c9   Thumb Code     2  startup_tm4c123.o(.text)
    WDT0_Handler                             0x000007cb   Thumb Code     2  startup_tm4c123.o(.text)
    TIMER0A_Handler                          0x000007cd   Thumb Code     2  startup_tm4c123.o(.text)
    TIMER0B_Handler                          0x000007cf   Thumb Code     2  startup_tm4c123.o(.text)
    TIMER1A_Handler                          0x000007d1   Thumb Code     2  startup_tm4c123.o(.text)
    TIMER1B_Handler                          0x000007d3   Thumb Code     2  startup_tm4c123.o(.text)
    TIMER2A_Handler                          0x000007d5   Thumb Code     2  startup_tm4c123.o(.text)
    TIMER2B_Handler                          0x000007d7   Thumb Code     2  startup_tm4c123.o(.text)
    COMP0_Handler                            0x000007d9   Thumb Code     2  startup_tm4c123.o(.text)
    COMP1_Handler                            0x000007db   Thumb Code     2  startup_tm4c123.o(.text)
    COMP2_Handler                            0x000007dd   Thumb Code     2  startup_tm4c123.o(.text)
    SYSCTL_Handler                           0x000007df   Thumb Code     2  startup_tm4c123.o(.text)
    FLASH_Handler                            0x000007e1   Thumb Code     2  startup_tm4c123.o(.text)
    GPIOF_Handler                            0x000007e3   Thumb Code     2  startup_tm4c123.o(.text)
    GPIOG_Handler                            0x000007e5   Thumb Code     2  startup_tm4c123.o(.text)
    GPIOH_Handler                            0x000007e7   Thumb Code     2  startup_tm4c123.o(.text)
    UART2_Handler                            0x000007e9   Thumb Code     2  startup_tm4c123.o(.text)
    SSI1_Handler                             0x000007eb   Thumb Code     2  startup_tm4c123.o(.text)
    TIMER3A_Handler                          0x000007ed   Thumb Code     2  startup_tm4c123.o(.text)
    TIMER3B_Handler                          0x000007ef   Thumb Code     2  startup_tm4c123.o(.text)
    I2C1_Handler                             0x000007f1   Thumb Code     2  startup_tm4c123.o(.text)
    QEI1_Handler                             0x000007f3   Thumb Code     2  startup_tm4c123.o(.text)
    CAN0_Handler                             0x000007f5   Thumb Code     2  startup_tm4c123.o(.text)
    CAN1_Handler                             0x000007f7   Thumb Code     2  startup_tm4c123.o(.text)
    CAN2_Handler                             0x000007f9   Thumb Code     2  startup_tm4c123.o(.text)
    HIB_Handler                              0x000007fb   Thumb Code     2  startup_tm4c123.o(.text)
    USB0_Handler                             0x000007fd   Thumb Code     2  startup_tm4c123.o(.text)
    PWM0_3_Handler                           0x000007ff   Thumb Code     2  startup_tm4c123.o(.text)
    UDMA_Handler                             0x00000801   Thumb Code     2  startup_tm4c123.o(.text)
    UDMAERR_Handler                          0x00000803   Thumb Code     2  startup_tm4c123.o(.text)
    ADC1SS0_Handler                          0x00000805   Thumb Code     2  startup_tm4c123.o(.text)
    ADC1SS1_Handler                          0x00000807   Thumb Code     2  startup_tm4c123.o(.text)
    ADC1SS2_Handler                          0x00000809   Thumb Code     2  startup_tm4c123.o(.text)
    ADC1SS3_Handler                          0x0000080b   Thumb Code     2  startup_tm4c123.o(.text)
    GPIOJ_Handler                            0x0000080d   Thumb Code     2  startup_tm4c123.o(.text)
    GPIOK_Handler                            0x0000080f   Thumb Code     2  startup_tm4c123.o(.text)
    GPIOL_Handler                            0x00000811   Thumb Code     2  startup_tm4c123.o(.text)
    SSI2_Handler                             0x00000813   Thumb Code     2  startup_tm4c123.o(.text)
    SSI3_Handler                             0x00000815   Thumb Code     2  startup_tm4c123.o(.text)
    UART3_Handler                            0x00000817   Thumb Code     2  startup_tm4c123.o(.text)
    UART4_Handler                            0x00000819   Thumb Code     2  startup_tm4c123.o(.text)
    UART5_Handler                            0x0000081b   Thumb Code     2  startup_tm4c123.o(.text)
    UART6_Handler                            0x0000081d   Thumb Code     2  startup_tm4c123.o(.text)
    UART7_Handler                            0x0000081f   Thumb Code     2  startup_tm4c123.o(.text)
    I2C2_Handler                             0x00000821   Thumb Code     2  startup_tm4c123.o(.text)
    I2C3_Handler                             0x00000823   Thumb Code     2  startup_tm4c123.o(.text)
    TIMER4A_Handler                          0x00000825   Thumb Code     2  startup_tm4c123.o(.text)
    TIMER4B_Handler                          0x00000827   Thumb Code     2  startup_tm4c123.o(.text)
    TIMER5A_Handler                          0x00000829   Thumb Code     2  startup_tm4c123.o(.text)
    TIMER5B_Handler                          0x0000082b   Thumb Code     2  startup_tm4c123.o(.text)
    WTIMER0A_Handler                         0x0000082d   Thumb Code     2  startup_tm4c123.o(.text)
    WTIMER0B_Handler                         0x0000082f   Thumb Code     2  startup_tm4c123.o(.text)
    WTIMER1A_Handler                         0x00000831   Thumb Code     2  startup_tm4c123.o(.text)
    WTIMER1B_Handler                         0x00000833   Thumb Code     2  startup_tm4c123.o(.text)
    WTIMER2A_Handler                         0x00000835   Thumb Code     2  startup_tm4c123.o(.text)
    WTIMER2B_Handler                         0x00000837   Thumb Code     2  startup_tm4c123.o(.text)
    WTIMER3A_Handler                         0x00000839   Thumb Code     2  startup_tm4c123.o(.text)
    WTIMER3B_Handler                         0x0000083b   Thumb Code     2  startup_tm4c123.o(.text)
    WTIMER4A_Handler                         0x0000083d   Thumb Code     2  startup_tm4c123.o(.text)
    WTIMER4B_Handler                         0x0000083f   Thumb Code     2  startup_tm4c123.o(.text)
    WTIMER5A_Handler                         0x00000841   Thumb Code     2  startup_tm4c123.o(.text)
    WTIMER5B_Handler                         0x00000843   Thumb Code     2  startup_tm4c123.o(.text)
    FPU_Handler                              0x00000845   Thumb Code     2  startup_tm4c123.o(.text)
    I2C4_Handler                             0x00000847   Thumb Code     2  startup_tm4c123.o(.text)
    I2C5_Handler                             0x00000849   Thumb Code     2  startup_tm4c123.o(.text)
    GPIOM_Handler                            0x0000084b   Thumb Code     2  startup_tm4c123.o(.text)
    GPION_Handler                            0x0000084d   Thumb Code     2  startup_tm4c123.o(.text)
    QEI2_Handler                             0x0000084f   Thumb Code     2  startup_tm4c123.o(.text)
    GPIOP0_Handler                           0x00000851   Thumb Code     2  startup_tm4c123.o(.text)
    GPIOP1_Handler                           0x00000853   Thumb Code     2  startup_tm4c123.o(.text)
    GPIOP2_Handler                           0x00000855   Thumb Code     2  startup_tm4c123.o(.text)
    GPIOP3_Handler                           0x00000857   Thumb Code     2  startup_tm4c123.o(.text)
    GPIOP4_Handler                           0x00000859   Thumb Code     2  startup_tm4c123.o(.text)
    GPIOP5_Handler                           0x0000085b   Thumb Code     2  startup_tm4c123.o(.text)
    GPIOP6_Handler                           0x0000085d   Thumb Code     2  startup_tm4c123.o(.text)
    GPIOP7_Handler                           0x0000085f   Thumb Code     2  startup_tm4c123.o(.text)
    GPIOQ0_Handler                           0x00000861   Thumb Code     2  startup_tm4c123.o(.text)
    GPIOQ1_Handler                           0x00000863   Thumb Code     2  startup_tm4c123.o(.text)
    GPIOQ2_Handler                           0x00000865   Thumb Code     2  startup_tm4c123.o(.text)
    GPIOQ3_Handler                           0x00000867   Thumb Code     2  startup_tm4c123.o(.text)
    GPIOQ4_Handler                           0x00000869   Thumb Code     2  startup_tm4c123.o(.text)
    GPIOQ5_Handler                           0x0000086b   Thumb Code     2  startup_tm4c123.o(.text)
    GPIOQ6_Handler                           0x0000086d   Thumb Code     2  startup_tm4c123.o(.text)
    GPIOQ7_Handler                           0x0000086f   Thumb Code     2  startup_tm4c123.o(.text)
    GPIOR_Handler                            0x00000871   Thumb Code     2  startup_tm4c123.o(.text)
    GPIOS_Handler                            0x00000873   Thumb Code     2  startup_tm4c123.o(.text)
    PMW1_0_Handler                           0x00000875   Thumb Code     2  startup_tm4c123.o(.text)
    PWM1_1_Handler                           0x00000877   Thumb Code     2  startup_tm4c123.o(.text)
    PWM1_2_Handler                           0x00000879   Thumb Code     2  startup_tm4c123.o(.text)
    PWM1_3_Handler                           0x0000087b   Thumb Code     2  startup_tm4c123.o(.text)
    PWM1_FAULT_Handler                       0x0000087d   Thumb Code     2  startup_tm4c123.o(.text)
    __user_initial_stackheap                 0x00000881   Thumb Code     0  startup_tm4c123.o(.text)
    SystemCoreClockUpdate                    0x00000957   Thumb Code   182  system_tm4c123.o(.text)
    SystemInit                               0x00000a0d   Thumb Code   112  system_tm4c123.o(.text)
    Motor_Init                               0x00000ae9   Thumb Code   278  motor_driver.o(.text)
    Motor_Forward                            0x00000bff   Thumb Code     8  motor_driver.o(.text)
    Motor_Backward                           0x00000c07   Thumb Code     8  motor_driver.o(.text)
    Motor_RotateLeft                         0x00000c0f   Thumb Code     8  motor_driver.o(.text)
    Motor_RotateRight                        0x00000c17   Thumb Code     8  motor_driver.o(.text)
    Motor_Stop                               0x00000c1f   Thumb Code     8  motor_driver.o(.text)
    Motor_Brake                              0x00000c27   Thumb Code     8  motor_driver.o(.text)
    __use_two_region_memory                  0x00000c71   Thumb Code     2  heapauxi.o(.text)
    __rt_heap_escrow$2region                 0x00000c73   Thumb Code     2  heapauxi.o(.text)
    __rt_heap_expand$2region                 0x00000c75   Thumb Code     2  heapauxi.o(.text)
    __user_setup_stackheap                   0x00000c77   Thumb Code    74  sys_stackheap_outer.o(.text)
    exit                                     0x00000cc1   Thumb Code    12  exit.o(.text)
    __user_libspace                          0x00000ccd   Thumb Code     8  libspace.o(.text)
    __user_perproc_libspace                  0x00000ccd   Thumb Code     0  libspace.o(.text)
    __user_perthread_libspace                0x00000ccd   Thumb Code     0  libspace.o(.text)
    _sys_exit                                0x00000cd5   Thumb Code     8  sys_exit.o(.text)
    __I$use$semihosting                      0x00000ce1   Thumb Code     0  use_no_semi.o(.text)
    __use_no_semihosting_swi                 0x00000ce1   Thumb Code     2  use_no_semi.o(.text)
    __semihosting_library_function           0x00000ce3   Thumb Code     0  indicate_semi.o(.text)
    _fp_init                                 0x00000ce3   Thumb Code    10  fpinit.o(x$fpl$fpinit)
    __fplib_config_fpu_vfp                   0x00000ceb   Thumb Code     0  fpinit.o(x$fpl$fpinit)
    __fplib_config_pureend_doubles           0x00000ceb   Thumb Code     0  fpinit.o(x$fpl$fpinit)
    Region$$Table$$Base                      0x00000cec   Number         0  anon$$obj.o(Region$$Table)
    Region$$Table$$Limit                     0x00000d0c   Number         0  anon$$obj.o(Region$$Table)
    ultra                                    0x20000000   Data           4  main.o(.data)
    i                                        0x20000004   Data           4  main.o(.data)
    distanceL                                0x20000008   Data           4  ir.o(.data)
    distanceR                                0x2000000c   Data           4  ir.o(.data)
    voltage                                  0x20000010   Data           4  ir.o(.data)
    d                                        0x20000014   Data           4  ir.o(.data)
    result                                   0x20000018   Data           2  ir.o(.data)
    adcL                                     0x2000001a   Data           2  ir.o(.data)
    adcR                                     0x2000001c   Data           2  ir.o(.data)
    time                                     0x20000020   Data           4  ultrasonic.o(.data)
    time_sec                                 0x20000024   Data           4  ultrasonic.o(.data)
    SystemCoreClock                          0x20000028   Data           4  system_tm4c123.o(.data)
    __libspace_start                         0x2000002c   Data          96  libspace.o(.bss)
    __temporary_stack_top$libspace           0x2000008c   Data           0  libspace.o(.bss)



==============================================================================

Memory Map of the image

  Image Entry point : 0x0000078d

  Load Region LR_1 (Base: 0x00000000, Size: 0x00000d38, Max: 0xffffffff, ABSOLUTE)

    Execution Region ER_RO (Base: 0x00000000, Size: 0x00000d0c, Max: 0xffffffff, ABSOLUTE)

    Base Addr    Size         Type   Attr      Idx    E Section Name        Object

    0x00000000   0x0000026c   Data   RO          114    RESET               startup_tm4c123.o
    0x0000026c   0x00000008   Code   RO          179  * !!!main             c_w.l(__main.o)
    0x00000274   0x00000034   Code   RO          333    !!!scatter          c_w.l(__scatter.o)
    0x000002a8   0x0000001a   Code   RO          335    !!handler_copy      c_w.l(__scatter_copy.o)
    0x000002c2   0x00000002   PAD
    0x000002c4   0x0000001c   Code   RO          337    !!handler_zi        c_w.l(__scatter_zi.o)
    0x000002e0   0x00000002   Code   RO          206    .ARM.Collect$$libinit$$00000000  c_w.l(libinit.o)
    0x000002e2   0x00000004   Code   RO          212    .ARM.Collect$$libinit$$00000001  c_w.l(libinit2.o)
    0x000002e6   0x00000000   Code   RO          216    .ARM.Collect$$libinit$$00000008  c_w.l(libinit2.o)
    0x000002e6   0x00000000   Code   RO          218    .ARM.Collect$$libinit$$0000000A  c_w.l(libinit2.o)
    0x000002e6   0x00000000   Code   RO          220    .ARM.Collect$$libinit$$0000000C  c_w.l(libinit2.o)
    0x000002e6   0x00000000   Code   RO          223    .ARM.Collect$$libinit$$0000000F  c_w.l(libinit2.o)
    0x000002e6   0x00000000   Code   RO          225    .ARM.Collect$$libinit$$00000011  c_w.l(libinit2.o)
    0x000002e6   0x00000000   Code   RO          227    .ARM.Collect$$libinit$$00000013  c_w.l(libinit2.o)
    0x000002e6   0x00000000   Code   RO          229    .ARM.Collect$$libinit$$00000015  c_w.l(libinit2.o)
    0x000002e6   0x00000000   Code   RO          231    .ARM.Collect$$libinit$$00000017  c_w.l(libinit2.o)
    0x000002e6   0x00000000   Code   RO          233    .ARM.Collect$$libinit$$00000019  c_w.l(libinit2.o)
    0x000002e6   0x00000000   Code   RO          235    .ARM.Collect$$libinit$$0000001B  c_w.l(libinit2.o)
    0x000002e6   0x00000000   Code   RO          237    .ARM.Collect$$libinit$$0000001D  c_w.l(libinit2.o)
    0x000002e6   0x00000000   Code   RO          239    .ARM.Collect$$libinit$$0000001F  c_w.l(libinit2.o)
    0x000002e6   0x00000000   Code   RO          241    .ARM.Collect$$libinit$$00000021  c_w.l(libinit2.o)
    0x000002e6   0x00000000   Code   RO          243    .ARM.Collect$$libinit$$00000023  c_w.l(libinit2.o)
    0x000002e6   0x00000000   Code   RO          247    .ARM.Collect$$libinit$$0000002A  c_w.l(libinit2.o)
    0x000002e6   0x00000000   Code   RO          249    .ARM.Collect$$libinit$$0000002C  c_w.l(libinit2.o)
    0x000002e6   0x00000000   Code   RO          251    .ARM.Collect$$libinit$$0000002E  c_w.l(libinit2.o)
    0x000002e6   0x00000000   Code   RO          253    .ARM.Collect$$libinit$$00000030  c_w.l(libinit2.o)
    0x000002e6   0x00000002   Code   RO          254    .ARM.Collect$$libinit$$00000031  c_w.l(libinit2.o)
    0x000002e8   0x00000002   Code   RO          274    .ARM.Collect$$libshutdown$$00000000  c_w.l(libshutdown.o)
    0x000002ea   0x00000000   Code   RO          288    .ARM.Collect$$libshutdown$$00000003  c_w.l(libshutdown2.o)
    0x000002ea   0x00000000   Code   RO          291    .ARM.Collect$$libshutdown$$00000006  c_w.l(libshutdown2.o)
    0x000002ea   0x00000000   Code   RO          294    .ARM.Collect$$libshutdown$$00000009  c_w.l(libshutdown2.o)
    0x000002ea   0x00000000   Code   RO          296    .ARM.Collect$$libshutdown$$0000000B  c_w.l(libshutdown2.o)
    0x000002ea   0x00000000   Code   RO          299    .ARM.Collect$$libshutdown$$0000000E  c_w.l(libshutdown2.o)
    0x000002ea   0x00000002   Code   RO          300    .ARM.Collect$$libshutdown$$0000000F  c_w.l(libshutdown2.o)
    0x000002ec   0x00000000   Code   RO          181    .ARM.Collect$$rtentry$$00000000  c_w.l(rtentry.o)
    0x000002ec   0x00000000   Code   RO          183    .ARM.Collect$$rtentry$$00000002  c_w.l(rtentry2.o)
    0x000002ec   0x00000006   Code   RO          195    .ARM.Collect$$rtentry$$00000004  c_w.l(rtentry4.o)
    0x000002f2   0x00000000   Code   RO          185    .ARM.Collect$$rtentry$$00000009  c_w.l(rtentry2.o)
    0x000002f2   0x00000004   Code   RO          186    .ARM.Collect$$rtentry$$0000000A  c_w.l(rtentry2.o)
    0x000002f6   0x00000000   Code   RO          188    .ARM.Collect$$rtentry$$0000000C  c_w.l(rtentry2.o)
    0x000002f6   0x00000008   Code   RO          189    .ARM.Collect$$rtentry$$0000000D  c_w.l(rtentry2.o)
    0x000002fe   0x00000002   Code   RO          210    .ARM.Collect$$rtexit$$00000000  c_w.l(rtexit.o)
    0x00000300   0x00000000   Code   RO          256    .ARM.Collect$$rtexit$$00000002  c_w.l(rtexit2.o)
    0x00000300   0x00000004   Code   RO          257    .ARM.Collect$$rtexit$$00000003  c_w.l(rtexit2.o)
    0x00000304   0x00000006   Code   RO          258    .ARM.Collect$$rtexit$$00000004  c_w.l(rtexit2.o)
    0x0000030a   0x00000002   PAD
    0x0000030c   0x00000110   Code   RO            3    .text               main.o
    0x0000041c   0x000001b4   Code   RO           62    .text               ir.o
    0x000005d0   0x000001bc   Code   RO           88    .text               ultrasonic.o
    0x0000078c   0x00000114   Code   RO          115  * .text               startup_tm4c123.o
    0x000008a0   0x00000248   Code   RO          121    .text               system_tm4c123.o
    0x00000ae8   0x00000188   Code   RO          157    .text               motor_driver.o
    0x00000c70   0x00000006   Code   RO          177    .text               c_w.l(heapauxi.o)
    0x00000c76   0x0000004a   Code   RO          197    .text               c_w.l(sys_stackheap_outer.o)
    0x00000cc0   0x0000000c   Code   RO          199    .text               c_w.l(exit.o)
    0x00000ccc   0x00000008   Code   RO          207    .text               c_w.l(libspace.o)
    0x00000cd4   0x0000000c   Code   RO          266    .text               c_w.l(sys_exit.o)
    0x00000ce0   0x00000002   Code   RO          277    .text               c_w.l(use_no_semi.o)
    0x00000ce2   0x00000000   Code   RO          279    .text               c_w.l(indicate_semi.o)
    0x00000ce2   0x0000000a   Code   RO          264    x$fpl$fpinit        fz_wm.l(fpinit.o)
    0x00000cec   0x00000020   Data   RO          331    Region$$Table       anon$$obj.o


    Execution Region ER_RW (Base: 0x20000000, Size: 0x0000002c, Max: 0xffffffff, ABSOLUTE)

    Base Addr    Size         Type   Attr      Idx    E Section Name        Object

    0x20000000   0x00000008   Data   RW            4    .data               main.o
    0x20000008   0x00000016   Data   RW           63    .data               ir.o
    0x2000001e   0x00000002   PAD
    0x20000020   0x00000008   Data   RW           89    .data               ultrasonic.o
    0x20000028   0x00000004   Data   RW          122    .data               system_tm4c123.o


    Execution Region ER_ZI (Base: 0x2000002c, Size: 0x00000264, Max: 0xffffffff, ABSOLUTE)

    Base Addr    Size         Type   Attr      Idx    E Section Name        Object

    0x2000002c   0x00000060   Zero   RW          208    .bss                c_w.l(libspace.o)
    0x2000008c   0x00000004   PAD
    0x20000090   0x00000000   Zero   RW          113    HEAP                startup_tm4c123.o
    0x20000090   0x00000200   Zero   RW          112    STACK               startup_tm4c123.o


==============================================================================

Image component sizes


      Code (inc. data)   RO Data    RW Data    ZI Data      Debug   Object Name

       436         72          0         22          0       1480   ir.o
       272         24          0          8          0       5232   main.o
       392         66          0          0          0       1244   motor_driver.o
       276         24        620          0        512       5436   startup_tm4c123.o
       584        132          0          4          0       1497   system_tm4c123.o
       444         50          0          8          0       1649   ultrasonic.o

    ----------------------------------------------------------------------
      2404        368        652         44        512      16538   Object Totals
         0          0         32          0          0          0   (incl. Generated)
         0          0          0          2          0          0   (incl. Padding)

    ----------------------------------------------------------------------

      Code (inc. data)   RO Data    RW Data    ZI Data      Debug   Library Member Name

         8          0          0          0          0         68   __main.o
        52          8          0          0          0          0   __scatter.o
        26          0          0          0          0          0   __scatter_copy.o
        28          0          0          0          0          0   __scatter_zi.o
        12          0          0          0          0         72   exit.o
         6          0          0          0          0        152   heapauxi.o
         0          0          0          0          0          0   indicate_semi.o
         2          0          0          0          0          0   libinit.o
         6          0          0          0          0          0   libinit2.o
         2          0          0          0          0          0   libshutdown.o
         2          0          0          0          0          0   libshutdown2.o
         8          4          0          0         96         68   libspace.o
         0          0          0          0          0          0   rtentry.o
        12          0          0          0          0          0   rtentry2.o
         6          0          0          0          0          0   rtentry4.o
         2          0          0          0          0          0   rtexit.o
        10          0          0          0          0          0   rtexit2.o
        12          4          0          0          0         68   sys_exit.o
        74          0          0          0          0         80   sys_stackheap_outer.o
         2          0          0          0          0         68   use_no_semi.o
        10          0          0          0          0        116   fpinit.o

    ----------------------------------------------------------------------
       284         16          0          0        100        692   Library Totals
         4          0          0          0          4          0   (incl. Padding)

    ----------------------------------------------------------------------

      Code (inc. data)   RO Data    RW Data    ZI Data      Debug   Library Name

       270         16          0          0         96        576   c_w.l
        10          0          0          0          0        116   fz_wm.l

    ----------------------------------------------------------------------
       284         16          0          0        100        692   Library Totals

    ----------------------------------------------------------------------

==============================================================================


      Code (inc. data)   RO Data    RW Data    ZI Data      Debug   

      2688        384        652         44        612      16370   Grand Totals
      2688        384        652         44        612      16370   ELF Image Totals
      2688        384        652         44          0          0   ROM Totals

==============================================================================

    Total RO  Size (Code + RO Data)                 3340 (   3.26kB)
    Total RW  Size (RW Data + ZI Data)               656 (   0.64kB)
    Total ROM Size (Code + RO Data + RW Data)       3384 (   3.30kB)

==============================================================================

