<html>
<body>
<pre>
<h1>µVision Build Log</h1>
<h2>Project:</h2>
D:\Keil\EE319KwareSpring2015\Final_Project\Final_Project\FinalProject.uvproj
Project File Date:  04/18/2025

<h2>Output:</h2>
Rebuild target 'Target 1'
compiling Main.c...
compiling IR.c...
compiling Ultrasonic.c...
assembling startup_TM4C123.s...
compiling system_TM4C123.c...
compiling motor_driver.c...
linking...
Program Size: Code=2476 RO-data=652 RW-data=40 ZI-data=608  
".\FinalProject.axf" - 0 Error(s), 0 Warning(s).
Load "D:\\Keil\\EE319KwareSpring2015\\Final_Project\\Final_Project\\FinalProject.axf" 
Connecting: Mode=JTAG, Speed=1000000Hz
Erase Done.
Programming Done.
Verify OK.
